[demo.themenio.com/ico/index.html]
[demo.themenio.com/ico/images/favicon.png]
[backblue.gif]
[fade.gif]
[index.html]
[demo.themenio.com/ico/assets/css/vendor.bundle8bfc.css]
[demo.themenio.com/ico/assets/css/style8bfc.css]
[demo.themenio.com/ico/assets/css/theme-orange8bfc.css]
[www.google-analytics.com/analytics.js]
[demo.themenio.com/ico/images/logo.png]
[demo.themenio.com/ico/images/logo-full-white.png]
[demo.themenio.com/ico/images/zinnia/video-cover.png]
[demo.themenio.com/ico/images/zinnia/play-icon.png]
[demo.themenio.com/ico/images/zinnia/graph-zinnia-a.png]
[demo.themenio.com/ico/images/zinnia/chart-zinnia-a.png]
[demo.themenio.com/ico/images/zinnia/chart-zinnia-b.png]
[demo.themenio.com/ico/images/zinnia/documents-cover.png]
[demo.themenio.com/ico/images/zinnia/service-icon-a.png]
[demo.themenio.com/ico/images/zinnia/service-icon-b.png]
[demo.themenio.com/ico/images/zinnia/service-icon-c.png]
[demo.themenio.com/ico/images/zinnia/service-icon-d.png]
[demo.themenio.com/ico/images/zinnia/app-screen.png]
[demo.themenio.com/ico/images/team-a-sq.jpg]
[demo.themenio.com/ico/images/team-a-lg.jpg]
[demo.themenio.com/ico/images/team-b-sq.jpg]
[demo.themenio.com/ico/images/team-b-lg.jpg]
[demo.themenio.com/ico/images/team-c-sq.jpg]
[demo.themenio.com/ico/images/team-c-lg.jpg]
[demo.themenio.com/ico/images/team-d-sq.jpg]
[demo.themenio.com/ico/images/team-d-lg.jpg]
[demo.themenio.com/ico/images/team-e-sq.jpg]
[demo.themenio.com/ico/images/team-e-lg.jpg]
[demo.themenio.com/ico/images/team-f-sq.jpg]
[demo.themenio.com/ico/images/team-f-lg.jpg]
[demo.themenio.com/ico/images/team-g-sq.jpg]
[demo.themenio.com/ico/images/team-g-lg.jpg]
[demo.themenio.com/ico/images/partner-xs-light-a.png]
[demo.themenio.com/ico/images/partner-xs-light-b.png]
[demo.themenio.com/ico/images/partner-xs-light-c.png]
[demo.themenio.com/ico/images/partner-xs-light-d.png]
[demo.themenio.com/ico/images/partner-xs-light-e.png]
[demo.themenio.com/ico/images/partner-xs-light-f.png]
[demo.themenio.com/ico/images/partner-sm-light-a.png]
[demo.themenio.com/ico/images/partner-sm-light-b.png]
[demo.themenio.com/ico/images/partner-sm-light-c.png]
[demo.themenio.com/ico/images/partner-sm-light-d.png]
[demo.themenio.com/ico/assets/js/jquery.bundle8bfc.js]
[demo.themenio.com/ico/index.html]
[demo.themenio.com/ico/assets/js/script8bfc.js]
[demo.themenio.com/ico/assets/fonts/fa-brands-400.eot]
[demo.themenio.com/ico/assets/fonts/fa-brands-400d41d.eot]
[demo.themenio.com/ico/assets/fonts/fa-brands-400.woff2]
[demo.themenio.com/ico/assets/fonts/fa-brands-400.woff]
[demo.themenio.com/ico/assets/fonts/fa-brands-400.ttf]
[demo.themenio.com/ico/assets/fonts/fa-regular-400.eot]
[demo.themenio.com/ico/assets/fonts/fa-regular-400d41d.eot]
[demo.themenio.com/ico/assets/fonts/fa-regular-400.woff2]
[demo.themenio.com/ico/assets/fonts/fa-regular-400.woff]
[demo.themenio.com/ico/assets/fonts/fa-regular-400.ttf]
[demo.themenio.com/ico/assets/fonts/fa-solid-900.eot]
[demo.themenio.com/ico/assets/fonts/fa-solid-900d41d.eot]
[demo.themenio.com/ico/assets/fonts/fa-solid-900.woff2]
[demo.themenio.com/ico/assets/fonts/fa-solid-900.woff]
[demo.themenio.com/ico/assets/fonts/fa-solid-900.ttf]
[demo.themenio.com/ico/assets/fonts/themify9f24.eot]
[demo.themenio.com/ico/assets/fonts/themifyd41d.eot]
[demo.themenio.com/ico/assets/fonts/themify9f24.woff]
[demo.themenio.com/ico/assets/fonts/themify9f24.ttf]
[demo.themenio.com/ico/assets/fonts/Ikon-Crypto09d6.ttf]
[demo.themenio.com/ico/assets/fonts/Ikon-Crypto09d6.woff]
[demo.themenio.com/ico/assets/css/owl.video.play.png]
[demo.themenio.com/ico/assets/css/vendor.bundle8bfc.css]
[demo.themenio.com/ico/assets/fonts/Poppins-Bold.eot]
[demo.themenio.com/ico/assets/fonts/Poppins-Boldd41d.eot]
[demo.themenio.com/ico/assets/fonts/Poppins-Bold.woff2]
[demo.themenio.com/ico/assets/fonts/Poppins-Bold.woff]
[demo.themenio.com/ico/assets/fonts/Poppins-Bold.ttf]
[demo.themenio.com/ico/assets/fonts/Poppins-Light.eot]
[demo.themenio.com/ico/assets/fonts/Poppins-Lightd41d.eot]
[demo.themenio.com/ico/assets/fonts/Poppins-Light.woff2]
[demo.themenio.com/ico/assets/fonts/Poppins-Light.woff]
[demo.themenio.com/ico/assets/fonts/Poppins-Light.ttf]
[demo.themenio.com/ico/assets/fonts/Poppins-SemiBold.eot]
[demo.themenio.com/ico/assets/fonts/Poppins-SemiBoldd41d.eot]
[demo.themenio.com/ico/assets/fonts/Poppins-SemiBold.woff2]
[demo.themenio.com/ico/assets/fonts/Poppins-SemiBold.woff]
[demo.themenio.com/ico/assets/fonts/Poppins-SemiBold.ttf]
[demo.themenio.com/ico/assets/fonts/Poppins-Medium.eot]
[demo.themenio.com/ico/assets/fonts/Poppins-Mediumd41d.eot]
[demo.themenio.com/ico/assets/fonts/Poppins-Medium.woff2]
[demo.themenio.com/ico/assets/fonts/Poppins-Medium.woff]
[demo.themenio.com/ico/assets/fonts/Poppins-Medium.ttf]
[demo.themenio.com/ico/assets/fonts/Poppins-Regular.eot]
[demo.themenio.com/ico/assets/fonts/Poppins-Regulard41d.eot]
[demo.themenio.com/ico/assets/fonts/Poppins-Regular.woff2]
[demo.themenio.com/ico/assets/fonts/Poppins-Regular.woff]
[demo.themenio.com/ico/assets/fonts/Poppins-Regular.ttf]
[demo.themenio.com/ico/assets/fonts/Roboto-Light.eot]
[demo.themenio.com/ico/assets/fonts/Roboto-Lightd41d.eot]
[demo.themenio.com/ico/assets/fonts/Roboto-Light.woff2]
[demo.themenio.com/ico/assets/fonts/Roboto-Light.woff]
[demo.themenio.com/ico/assets/fonts/Roboto-Light.ttf]
[demo.themenio.com/ico/assets/fonts/Roboto-Regular.eot]
[demo.themenio.com/ico/assets/fonts/Roboto-Regulard41d.eot]
[demo.themenio.com/ico/assets/fonts/Roboto-Regular.woff2]
[demo.themenio.com/ico/assets/fonts/Roboto-Regular.woff]
[demo.themenio.com/ico/assets/fonts/Roboto-Regular.ttf]
[demo.themenio.com/ico/assets/images/particle-left.png]
[demo.themenio.com/ico/assets/images/particle-right.png]
[demo.themenio.com/ico/assets/images/header-bottom.png]
[demo.themenio.com/ico/assets/images/header-bottom-light.png]
[demo.themenio.com/ico/assets/images/header-overlay.png]
[demo.themenio.com/ico/assets/images/header-bg-azure.png]
[demo.themenio.com/ico/assets/images/pattern-azure-light.png]
[demo.themenio.com/ico/assets/images/pattern-azure-dark.png]
[demo.themenio.com/ico/assets/images/footer-bg.png]
[demo.themenio.com/ico/assets/images/footer-bg-azure.png]
[demo.themenio.com/ico/assets/images/mask-line-a.png]
[demo.themenio.com/ico/assets/images/mask-line-b.png]
[demo.themenio.com/ico/assets/images/mask-line-c.png]
[demo.themenio.com/ico/assets/images/mask-line-d.png]
[demo.themenio.com/ico/assets/images/line.png]
[demo.themenio.com/ico/assets/images/pattern-muscari-light.png]
[demo.themenio.com/ico/assets/images/header-shape-lobelia.png]
[demo.themenio.com/ico/assets/images/check.png]
[demo.themenio.com/ico/assets/images/jasmine-footer-bg.png]
[demo.themenio.com/ico/assets/images/lungwort-footer-bg.png]
[demo.themenio.com/ico/assets/images/pattern-salvia.png]
[demo.themenio.com/ico/assets/images/bg-shape-zinnia.png]
[demo.themenio.com/ico/assets/images/bg-shape-b-zinnia.png]
[demo.themenio.com/ico/assets/images/header-shape-zinnia.png]
[demo.themenio.com/ico/assets/images/contdown-shape-zinnia.png]
[demo.themenio.com/ico/assets/images/shape-a-red.png]
[demo.themenio.com/ico/assets/images/shape-b-red.png]
[demo.themenio.com/ico/assets/images/shape-a-wh.png]
[demo.themenio.com/ico/assets/images/shape-b-wh.png]
[demo.themenio.com/ico/assets/images/bg-login-dark.png]
[demo.themenio.com/ico/assets/images/user-shape.png]
[demo.themenio.com/ico/assets/images/user-shape-b.png]
[demo.themenio.com/ico/assets/images/bg-404.png]
[demo.themenio.com/ico/assets/css/style8bfc.css]
[demo.themenio.com/ico/assets/css/theme-orange8bfc.css]
[demo.themenio.com/ico/assets/fonts/fa-brands-400.svg]
[demo.themenio.com/ico/assets/fonts/fa-regular-400.svg]
[demo.themenio.com/ico/assets/fonts/fa-solid-900.svg]
[demo.themenio.com/ico/assets/fonts/themify9f24.svg]
[demo.themenio.com/ico/assets/fonts/Ikon-Crypto09d6.svg]
[demo.themenio.com/ico/assets/css/owl.video.play.html]
[demo.themenio.com/ico/assets/images/lavender-mask.svg]
